
> saiful_protfolio@0.1.0 build
> next build

Ôû▓ Next.js 16.1.6 (Turbopack)
- Environments: .env.local

  Creating an optimized production build ...
Ô£ô Compiled successfully in 3.1s
  Running TypeScript ...
  Collecting page data using 11 workers ...
  Generating static pages using 11 workers (0/12) ...
  Generating static pages using 11 workers (3/12) 
  Generating static pages using 11 workers (6/12) 
  Generating static pages using 11 workers (9/12) 
Ô£ô Generating static pages using 11 workers (12/12) in 859.3ms
  Finalizing page optimization ...

Route (app)
Ôöî Ôùï /
Ôö£ Ôùï /_not-found
Ôö£ Ôùï /about
Ôö£ Ôùï /achievements
Ôö£ Ôùï /blog
Ôö£ Ôùï /contact
Ôö£ Ôùï /projects
Ôö£ Ôùï /research
Ôö£ Ôùï /resume
Ôöö Ôùï /skills


Ôùï  (Static)  prerendered as static content

